exports[`Columns has correct default options 1`] = `
<div
  className="grommetux-columns">
  <div
    className="grommetux-columns__column">
    <span>
      test1
    </span>
    <span>
      test2
    </span>
  </div>
</div>
`;
