exports[`Markdown has correct default options 1`] = `
<p>
  test
</p>
`;
